{
  "versionInfo": "00000001",
  "resources": [
    {
      "@type": "type.googleapis.com/envoy.config.endpoint.v3.ClusterLoadAssignment",
      "clusterName": "apia-1.default.default.cloud.external.1c053652-8512-4373-90cf-5a7f6263a994.consul",
      "endpoints": [
        {
          "lbEndpoints": [
            {
              "endpoint": {
                "address": {
                  "socketAddress": {
                    "address": "127.0.0.1",
                    "portValue": 0
                  }
                }
              },
              "healthStatus": "HEALTHY",
              "loadBalancingWeight": 1
            }
          ]
        }
      ]
    }
  ],
  "typeUrl": "type.googleapis.com/envoy.config.endpoint.v3.ClusterLoadAssignment",
  "nonce": "00000001"
}